INFO:self_20261003_001500_scratch:Training precision selected by device rules: torch.float32
INFO:self_20261003_001500_scratch:{'train': {'log_interval': 200, 'seed': 1234, 'epochs': 1200, 'learning_rate': 0.0001, 'betas': [0.8, 0.99], 'eps': 1e-09, 'batch_size': 4, 'lr_decay': 0.999875, 'segment_size': 12800, 'init_lr_ratio': 1, 'warmup_epochs': 0, 'c_mel': 45, 'c_kl': 1.0}, 'data': {'max_wav_value': 32768.0, 'sampling_rate': 40000, 'filter_length': 2048, 'hop_length': 400, 'win_length': 2048, 'n_mel_channels': 125, 'mel_fmin': 0.0, 'mel_fmax': None, 'training_files': './logs/self_20261003_001500_scratch/filelist.txt'}, 'model': {'inter_channels': 192, 'hidden_channels': 192, 'filter_channels': 768, 'n_heads': 2, 'n_layers': 6, 'kernel_size': 3, 'p_dropout': 0, 'resblock': '1', 'resblock_kernel_sizes': [3, 7, 11], 'resblock_dilation_sizes': [[1, 3, 5], [1, 3, 5], [1, 3, 5]], 'upsample_rates': [10, 10, 2, 2], 'upsample_initial_channel': 512, 'upsample_kernel_sizes': [16, 16, 4, 4], 'use_spectral_norm': False, 'gin_channels': 256, 'spk_embed_dim': 109}, 'model_dir': './logs/self_20261003_001500_scratch', 'experiment_dir': './logs/self_20261003_001500_scratch', 'save_every_epoch': 1200, 'name': 'self_20261003_001500_scratch', 'total_epoch': 1200, 'pretrainG': '', 'pretrainD': '', 'version': 'v2', 'gpus': '0', 'sample_rate': '40k', 'if_f0': 1, 'if_latest': 1, 'save_every_weights': '0', 'if_cache_data_in_gpu': 0}
DEBUG:infer.module.models:gin_channels: 256, self.spk_embed_dim: 109
INFO:self_20261003_001500_scratch:Training epoch: 1 [0%]
INFO:self_20261003_001500_scratch:[0, 0.0001]
INFO:self_20261003_001500_scratch:loss_disc=9.030, loss_gen=7.903, loss_fm=2.215,loss_mel=75.000, loss_kl=9.000
{'step': 1, 'epoch': 1, 'loss_gen_all': 491.14923095703125, 'loss_disc': 9.029808044433594, 'loss_gen': 7.903420448303223, 'loss_fm': 2.2148935794830322, 'loss_mel': 109.68833923339844, 'loss_kl': 371.34259033203125, 'wall_s': 9.313383286818862, 'learning_rate': 0.0001, 'peak_gpu_allocated_bytes': 4002249216, 'raw_losses_before_upstream_display_caps': True}
{'step': 10, 'epoch': 1, 'loss_gen_all': 120.38026428222656, 'loss_disc': 4.360841751098633, 'loss_gen': 2.7746405601501465, 'loss_fm': 2.4029417037963867, 'loss_mel': 51.76642608642578, 'loss_kl': 63.43625259399414, 'wall_s': 12.326923621818423, 'learning_rate': 0.0001, 'peak_gpu_allocated_bytes': 5327622144, 'raw_losses_before_upstream_display_caps': True}
INFO:self_20261003_001500_scratch:====> Epoch: 1 [2026-10-03 00:15:39] | (0:00:10.995642)
{'step': 20, 'epoch': 2, 'loss_gen_all': 108.91827392578125, 'loss_disc': 5.015786170959473, 'loss_gen': 2.4311537742614746, 'loss_fm': 1.5230412483215332, 'loss_mel': 92.25251007080078, 'loss_kl': 12.711566925048828, 'wall_s': 15.502250956371427, 'learning_rate': 9.99875e-05, 'peak_gpu_allocated_bytes': 5327622144, 'raw_losses_before_upstream_display_caps': True}
{'step': 30, 'epoch': 2, 'loss_gen_all': 69.50822448730469, 'loss_disc': 4.312211036682129, 'loss_gen': 2.787363290786743, 'loss_fm': 2.320784568786621, 'loss_mel': 50.751487731933594, 'loss_kl': 13.64859390258789, 'wall_s': 18.53196146711707, 'learning_rate': 9.99875e-05, 'peak_gpu_allocated_bytes': 5327683072, 'raw_losses_before_upstream_display_caps': True}
INFO:self_20261003_001500_scratch:====> Epoch: 2 [2026-10-03 00:15:45] | (0:00:05.266405)
{'step': 40, 'epoch': 3, 'loss_gen_all': 117.03564453125, 'loss_disc': 2.3220555782318115, 'loss_gen': 4.213274955749512, 'loss_fm': 10.263969421386719, 'loss_mel': 82.30591583251953, 'loss_kl': 20.252490997314453, 'wall_s': 21.67916831932962, 'learning_rate': 9.99750015625e-05, 'peak_gpu_allocated_bytes': 5327683072, 'raw_losses_before_upstream_display_caps': True}
{'step': 50, 'epoch': 3, 'loss_gen_all': 62.22697448730469, 'loss_disc': 4.878808975219727, 'loss_gen': 2.781597375869751, 'loss_fm': 4.261657238006592, 'loss_mel': 46.670963287353516, 'loss_kl': 8.51275634765625, 'wall_s': 24.6929325517267, 'learning_rate': 9.99750015625e-05, 'peak_gpu_allocated_bytes': 5327683072, 'raw_losses_before_upstream_display_caps': True}
INFO:self_20261003_001500_scratch:====> Epoch: 3 [2026-10-03 00:15:50] | (0:00:05.242634)
{'step': 60, 'epoch': 4, 'loss_gen_all': 77.65333557128906, 'loss_disc': 2.7841238975524902, 'loss_gen': 4.48563289642334, 'loss_fm': 9.630134582519531, 'loss_mel': 57.13968276977539, 'loss_kl': 6.397887706756592, 'wall_s': 27.822413470596075, 'learning_rate': 9.996250468730469e-05, 'peak_gpu_allocated_bytes': 5327683072, 'raw_losses_before_upstream_display_caps': True}
INFO:self_20261003_001500_scratch:====> Epoch: 4 [2026-10-03 00:15:55] | (0:00:05.247848)
{'step': 70, 'epoch': 5, 'loss_gen_all': 72.5448989868164, 'loss_disc': 3.641779899597168, 'loss_gen': 3.8150999546051025, 'loss_fm': 8.962441444396973, 'loss_mel': 54.27510070800781, 'loss_kl': 5.492255210876465, 'wall_s': 30.962994230911136, 'learning_rate': 9.995000937421877e-05, 'peak_gpu_allocated_bytes': 5327683072, 'raw_losses_before_upstream_display_caps': True}
{'step': 80, 'epoch': 5, 'loss_gen_all': 61.50920867919922, 'loss_disc': 3.15156888961792, 'loss_gen': 3.8307955265045166, 'loss_fm': 7.389555931091309, 'loss_mel': 44.283302307128906, 'loss_kl': 6.005555629730225, 'wall_s': 33.959311325103045, 'learning_rate': 9.995000937421877e-05, 'peak_gpu_allocated_bytes': 5327683072, 'raw_losses_before_upstream_display_caps': True}
INFO:self_20261003_001500_scratch:====> Epoch: 5 [2026-10-03 00:16:00] | (0:00:05.185187)
{'step': 90, 'epoch': 6, 'loss_gen_all': 73.59441375732422, 'loss_disc': 2.633089303970337, 'loss_gen': 5.2774176597595215, 'loss_fm': 14.151918411254883, 'loss_mel': 48.8626823425293, 'loss_kl': 5.302392482757568, 'wall_s': 37.0312759205699, 'learning_rate': 9.993751562304699e-05, 'peak_gpu_allocated_bytes': 5327683072, 'raw_losses_before_upstream_display_caps': True}
{'step': 100, 'epoch': 6, 'loss_gen_all': 57.348052978515625, 'loss_disc': 3.7930333614349365, 'loss_gen': 5.6507487297058105, 'loss_fm': 6.304238796234131, 'loss_mel': 39.87105178833008, 'loss_kl': 5.522015571594238, 'wall_s': 40.02642682380974, 'learning_rate': 9.993751562304699e-05, 'peak_gpu_allocated_bytes': 5327683072, 'raw_losses_before_upstream_display_caps': True}
INFO:self_20261003_001500_scratch:====> Epoch: 6 [2026-10-03 00:16:05] | (0:00:05.170277)
{'step': 110, 'epoch': 7, 'loss_gen_all': 58.38251876831055, 'loss_disc': 2.783200740814209, 'loss_gen': 4.100028991699219, 'loss_fm': 10.683929443359375, 'loss_mel': 39.06368637084961, 'loss_kl': 4.534873008728027, 'wall_s': 43.12639487721026, 'learning_rate': 9.99250234335941e-05, 'peak_gpu_allocated_bytes': 5327683072, 'raw_losses_before_upstream_display_caps': True}
INFO:self_20261003_001500_scratch:====> Epoch: 7 [2026-10-03 00:16:11] | (0:00:05.247303)
{'step': 120, 'epoch': 8, 'loss_gen_all': 53.29899978637695, 'loss_disc': 1.7246538400650024, 'loss_gen': 5.548678874969482, 'loss_fm': 11.897440910339355, 'loss_mel': 31.895681381225586, 'loss_kl': 3.9571990966796875, 'wall_s': 46.28932926431298, 'learning_rate': 9.991253280566489e-05, 'peak_gpu_allocated_bytes': 5327683072, 'raw_losses_before_upstream_display_caps': True}
{'step': 130, 'epoch': 8, 'loss_gen_all': 59.844459533691406, 'loss_disc': 3.0484015941619873, 'loss_gen': 3.7833948135375977, 'loss_fm': 7.168116569519043, 'loss_mel': 44.24224090576172, 'loss_kl': 4.650708198547363, 'wall_s': 49.27174802310765, 'learning_rate': 9.991253280566489e-05, 'peak_gpu_allocated_bytes': 5327683072, 'raw_losses_before_upstream_display_caps': True}
INFO:self_20261003_001500_scratch:====> Epoch: 8 [2026-10-03 00:16:16] | (0:00:05.182643)
{'step': 140, 'epoch': 9, 'loss_gen_all': 60.60677719116211, 'loss_disc': 2.7064616680145264, 'loss_gen': 4.128664493560791, 'loss_fm': 8.521509170532227, 'loss_mel': 43.51409149169922, 'loss_kl': 4.442512035369873, 'wall_s': 52.38132913969457, 'learning_rate': 9.990004373906418e-05, 'peak_gpu_allocated_bytes': 5327683072, 'raw_losses_before_upstream_display_caps': True}
{'step': 150, 'epoch': 9, 'loss_gen_all': 60.3194694519043, 'loss_disc': 5.230478763580322, 'loss_gen': 4.008984088897705, 'loss_fm': 1.4748295545578003, 'loss_mel': 51.611961364746094, 'loss_kl': 3.2236952781677246, 'wall_s': 55.381224079057574, 'learning_rate': 9.990004373906418e-05, 'peak_gpu_allocated_bytes': 5327683072, 'raw_losses_before_upstream_display_caps': True}
INFO:self_20261003_001500_scratch:====> Epoch: 9 [2026-10-03 00:16:21] | (0:00:05.207678)
{'step': 160, 'epoch': 10, 'loss_gen_all': 52.134132385253906, 'loss_disc': 2.5485997200012207, 'loss_gen': 4.021617889404297, 'loss_fm': 10.446508407592773, 'loss_mel': 34.185462951660156, 'loss_kl': 3.480546712875366, 'wall_s': 58.5038961134851, 'learning_rate': 9.98875562335968e-05, 'peak_gpu_allocated_bytes': 5328096768, 'raw_losses_before_upstream_display_caps': True}
{'step': 170, 'epoch': 10, 'loss_gen_all': 51.23362731933594, 'loss_disc': 2.2930824756622314, 'loss_gen': 4.563462257385254, 'loss_fm': 8.708476066589355, 'loss_mel': 34.75060272216797, 'loss_kl': 3.2110867500305176, 'wall_s': 61.4864265024662, 'learning_rate': 9.98875562335968e-05, 'peak_gpu_allocated_bytes': 5328346112, 'raw_losses_before_upstream_display_caps': True}
INFO:self_20261003_001500_scratch:====> Epoch: 10 [2026-10-03 00:16:26] | (0:00:05.195581)
{'step': 180, 'epoch': 11, 'loss_gen_all': 56.38135528564453, 'loss_disc': 2.314451217651367, 'loss_gen': 4.329438209533691, 'loss_fm': 9.360239028930664, 'loss_mel': 39.566314697265625, 'loss_kl': 3.125361204147339, 'wall_s': 64.55154174752533, 'learning_rate': 9.987507028906759e-05, 'peak_gpu_allocated_bytes': 5328346112, 'raw_losses_before_upstream_display_caps': True}
INFO:self_20261003_001500_scratch:====> Epoch: 11 [2026-10-03 00:16:31] | (0:00:05.138952)
{'step': 190, 'epoch': 12, 'loss_gen_all': 46.510841369628906, 'loss_disc': 2.6803605556488037, 'loss_gen': 4.092065334320068, 'loss_fm': 8.531078338623047, 'loss_mel': 30.881229400634766, 'loss_kl': 3.0064687728881836, 'wall_s': 67.64964096434414, 'learning_rate': 9.986258590528146e-05, 'peak_gpu_allocated_bytes': 5328346112, 'raw_losses_before_upstream_display_caps': True}
{'step': 200, 'epoch': 12, 'loss_gen_all': 56.762794494628906, 'loss_disc': 3.4206080436706543, 'loss_gen': 3.429076910018921, 'loss_fm': 6.49407434463501, 'loss_mel': 43.46458053588867, 'loss_kl': 3.375060796737671, 'wall_s': 70.60276576690376, 'learning_rate': 9.986258590528146e-05, 'peak_gpu_allocated_bytes': 5328346112, 'raw_losses_before_upstream_display_caps': True}
INFO:self_20261003_001500_scratch:Training epoch: 12 [76%]
INFO:self_20261003_001500_scratch:[200, 9.986258590528146e-05]
INFO:self_20261003_001500_scratch:loss_disc=3.574, loss_gen=3.392, loss_fm=4.747,loss_mel=40.434, loss_kl=2.638
INFO:self_20261003_001500_scratch:====> Epoch: 12 [2026-10-03 00:16:37] | (0:00:05.641496)
{'step': 210, 'epoch': 13, 'loss_gen_all': 52.4329948425293, 'loss_disc': 3.0258123874664307, 'loss_gen': 4.774534225463867, 'loss_fm': 6.626559257507324, 'loss_mel': 38.72184371948242, 'loss_kl': 2.3100602626800537, 'wall_s': 74.19683848321438, 'learning_rate': 9.98501030820433e-05, 'peak_gpu_allocated_bytes': 5328346112, 'raw_losses_before_upstream_display_caps': True}
{'step': 220, 'epoch': 13, 'loss_gen_all': 51.308956146240234, 'loss_disc': 4.011629581451416, 'loss_gen': 2.730782985687256, 'loss_fm': 5.090496063232422, 'loss_mel': 41.023048400878906, 'loss_kl': 2.464629888534546, 'wall_s': 77.34091174043715, 'learning_rate': 9.98501030820433e-05, 'peak_gpu_allocated_bytes': 5328346112, 'raw_losses_before_upstream_display_caps': True}
INFO:self_20261003_001500_scratch:====> Epoch: 13 [2026-10-03 00:16:42] | (0:00:05.341785)
{'step': 230, 'epoch': 14, 'loss_gen_all': 44.3309440612793, 'loss_disc': 3.0112996101379395, 'loss_gen': 3.354391574859619, 'loss_fm': 5.922769069671631, 'loss_mel': 31.496074676513672, 'loss_kl': 3.5577073097229004, 'wall_s': 80.44922653213143, 'learning_rate': 9.983762181915804e-05, 'peak_gpu_allocated_bytes': 5328346112, 'raw_losses_before_upstream_display_caps': True}
INFO:self_20261003_001500_scratch:====> Epoch: 14 [2026-10-03 00:16:48] | (0:00:05.195275)
{'step': 240, 'epoch': 15, 'loss_gen_all': 50.85903549194336, 'loss_disc': 2.740586042404175, 'loss_gen': 4.5926971435546875, 'loss_fm': 8.817593574523926, 'loss_mel': 35.145484924316406, 'loss_kl': 2.3032615184783936, 'wall_s': 83.5647822804749, 'learning_rate': 9.982514211643064e-05, 'peak_gpu_allocated_bytes': 5328346112, 'raw_losses_before_upstream_display_caps': True}
{'step': 250, 'epoch': 15, 'loss_gen_all': 73.47383117675781, 'loss_disc': 5.481642723083496, 'loss_gen': 2.804466962814331, 'loss_fm': 6.44058895111084, 'loss_mel': 58.37282180786133, 'loss_kl': 5.855959415435791, 'wall_s': 86.62066929228604, 'learning_rate': 9.982514211643064e-05, 'peak_gpu_allocated_bytes': 5328346112, 'raw_losses_before_upstream_display_caps': True}
INFO:self_20261003_001500_scratch:====> Epoch: 15 [2026-10-03 00:16:53] | (0:00:05.299878)
{'step': 260, 'epoch': 16, 'loss_gen_all': 50.843326568603516, 'loss_disc': 2.7081024646759033, 'loss_gen': 4.711899757385254, 'loss_fm': 7.855815887451172, 'loss_mel': 35.600852966308594, 'loss_kl': 2.674757242202759, 'wall_s': 89.73711069487035, 'learning_rate': 9.981266397366609e-05, 'peak_gpu_allocated_bytes': 5328346112, 'raw_losses_before_upstream_display_caps': True}
{'step': 270, 'epoch': 16, 'loss_gen_all': 44.67442321777344, 'loss_disc': 3.562976837158203, 'loss_gen': 3.0018136501312256, 'loss_fm': 5.526087284088135, 'loss_mel': 34.11016082763672, 'loss_kl': 2.0363619327545166, 'wall_s': 92.69975597970188, 'learning_rate': 9.981266397366609e-05, 'peak_gpu_allocated_bytes': 5328346112, 'raw_losses_before_upstream_display_caps': True}
INFO:self_20261003_001500_scratch:====> Epoch: 16 [2026-10-03 00:16:58] | (0:00:05.143258)
{'step': 280, 'epoch': 17, 'loss_gen_all': 57.69382095336914, 'loss_disc': 4.447997093200684, 'loss_gen': 4.631412982940674, 'loss_fm': 4.251880645751953, 'loss_mel': 46.87068557739258, 'loss_kl': 1.9398438930511475, 'wall_s': 95.77713755890727, 'learning_rate': 9.980018739066937e-05, 'peak_gpu_allocated_bytes': 5328517632, 'raw_losses_before_upstream_display_caps': True}
INFO:self_20261003_001500_scratch:====> Epoch: 17 [2026-10-03 00:17:03] | (0:00:05.165709)
{'step': 290, 'epoch': 18, 'loss_gen_all': 53.817527770996094, 'loss_disc': 3.4620919227600098, 'loss_gen': 3.867946147918701, 'loss_fm': 5.3124680519104, 'loss_mel': 42.5519905090332, 'loss_kl': 2.085120439529419, 'wall_s': 98.97097679786384, 'learning_rate': 9.978771236724554e-05, 'peak_gpu_allocated_bytes': 5328517632, 'raw_losses_before_upstream_display_caps': True}
{'step': 300, 'epoch': 18, 'loss_gen_all': 48.68568801879883, 'loss_disc': 3.8192198276519775, 'loss_gen': 3.989279270172119, 'loss_fm': 5.546483516693115, 'loss_mel': 37.07676696777344, 'loss_kl': 2.0731582641601562, 'wall_s': 101.93349133245647, 'learning_rate': 9.978771236724554e-05, 'peak_gpu_allocated_bytes': 5332701696, 'raw_losses_before_upstream_display_caps': True}
INFO:self_20261003_001500_scratch:====> Epoch: 18 [2026-10-03 00:17:09] | (0:00:05.293770)
{'step': 310, 'epoch': 19, 'loss_gen_all': 49.46053695678711, 'loss_disc': 3.769821882247925, 'loss_gen': 4.652310848236084, 'loss_fm': 4.9116082191467285, 'loss_mel': 38.0121955871582, 'loss_kl': 1.8844209909439087, 'wall_s': 105.10305109992623, 'learning_rate': 9.977523890319963e-05, 'peak_gpu_allocated_bytes': 5332701696, 'raw_losses_before_upstream_display_caps': True}
{'step': 320, 'epoch': 19, 'loss_gen_all': 68.5904769897461, 'loss_disc': 6.264760494232178, 'loss_gen': 4.8970112800598145, 'loss_fm': 0.7657073140144348, 'loss_mel': 59.71642303466797, 'loss_kl': 3.2113358974456787, 'wall_s': 108.0924011953175, 'learning_rate': 9.977523890319963e-05, 'peak_gpu_allocated_bytes': 5332701696, 'raw_losses_before_upstream_display_caps': True}
INFO:self_20261003_001500_scratch:====> Epoch: 19 [2026-10-03 00:17:14] | (0:00:05.202776)
{'step': 330, 'epoch': 20, 'loss_gen_all': 53.26992416381836, 'loss_disc': 4.540905952453613, 'loss_gen': 3.2946410179138184, 'loss_fm': 2.405752182006836, 'loss_mel': 45.39356231689453, 'loss_kl': 2.17596697807312, 'wall_s': 111.21853034757078, 'learning_rate': 9.976276699833672e-05, 'peak_gpu_allocated_bytes': 5332701696, 'raw_losses_before_upstream_display_caps': True}
{'step': 340, 'epoch': 20, 'loss_gen_all': 59.39838790893555, 'loss_disc': 1.8169646263122559, 'loss_gen': 5.272449493408203, 'loss_fm': 13.438840866088867, 'loss_mel': 38.617462158203125, 'loss_kl': 2.069636821746826, 'wall_s': 114.20890267565846, 'learning_rate': 9.976276699833672e-05, 'peak_gpu_allocated_bytes': 5332701696, 'raw_losses_before_upstream_display_caps': True}
INFO:self_20261003_001500_scratch:====> Epoch: 20 [2026-10-03 00:17:19] | (0:00:05.217705)
{'step': 350, 'epoch': 21, 'loss_gen_all': 53.50712585449219, 'loss_disc': 3.0368523597717285, 'loss_gen': 5.033639907836914, 'loss_fm': 7.597497940063477, 'loss_mel': 39.576812744140625, 'loss_kl': 1.299173355102539, 'wall_s': 117.12664722837508, 'learning_rate': 9.975029665246193e-05, 'peak_gpu_allocated_bytes': 5332701696, 'raw_losses_before_upstream_display_caps': True}
INFO:self_20261003_001500_scratch:====> Epoch: 21 [2026-10-03 00:17:24] | (0:00:05.005694)
{'step': 360, 'epoch': 22, 'loss_gen_all': 51.45511245727539, 'loss_disc': 2.372542142868042, 'loss_gen': 5.297278881072998, 'loss_fm': 8.588050842285156, 'loss_mel': 35.69321060180664, 'loss_kl': 1.876570701599121, 'wall_s': 120.26173397153616, 'learning_rate': 9.973782786538036e-05, 'peak_gpu_allocated_bytes': 5332701696, 'raw_losses_before_upstream_display_caps': True}
{'step': 370, 'epoch': 22, 'loss_gen_all': 55.526268005371094, 'loss_disc': 3.295461416244507, 'loss_gen': 5.0922746658325195, 'loss_fm': 7.947118282318115, 'loss_mel': 40.06488037109375, 'loss_kl': 2.421998977661133, 'wall_s': 123.29744121991098, 'learning_rate': 9.973782786538036e-05, 'peak_gpu_allocated_bytes': 5338806272, 'raw_losses_before_upstream_display_caps': True}
INFO:self_20261003_001500_scratch:====> Epoch: 22 [2026-10-03 00:17:29] | (0:00:05.326848)
{'step': 380, 'epoch': 23, 'loss_gen_all': 51.58772659301758, 'loss_disc': 3.042976140975952, 'loss_gen': 4.7257256507873535, 'loss_fm': 8.910326957702637, 'loss_mel': 36.12150955200195, 'loss_kl': 1.8301658630371094, 'wall_s': 126.45753291249275, 'learning_rate': 9.972536063689719e-05, 'peak_gpu_allocated_bytes': 5338806272, 'raw_losses_before_upstream_display_caps': True}
{'step': 390, 'epoch': 23, 'loss_gen_all': 47.48978042602539, 'loss_disc': 3.3462483882904053, 'loss_gen': 3.537888526916504, 'loss_fm': 7.021242618560791, 'loss_mel': 34.7840576171875, 'loss_kl': 2.1465911865234375, 'wall_s': 129.4879629574716, 'learning_rate': 9.972536063689719e-05, 'peak_gpu_allocated_bytes': 5338806272, 'raw_losses_before_upstream_display_caps': True}
INFO:self_20261003_001500_scratch:====> Epoch: 23 [2026-10-03 00:17:35] | (0:00:05.226364)
{'step': 400, 'epoch': 24, 'loss_gen_all': 62.16850662231445, 'loss_disc': 3.1443653106689453, 'loss_gen': 2.529391288757324, 'loss_fm': 7.753917217254639, 'loss_mel': 49.57167053222656, 'loss_kl': 2.3135268688201904, 'wall_s': 132.6282678041607, 'learning_rate': 9.971289496681757e-05, 'peak_gpu_allocated_bytes': 5338806272, 'raw_losses_before_upstream_display_caps': True}
INFO:self_20261003_001500_scratch:Training epoch: 24 [53%]
INFO:self_20261003_001500_scratch:[400, 9.971289496681757e-05]
INFO:self_20261003_001500_scratch:loss_disc=2.676, loss_gen=3.419, loss_fm=8.008,loss_mel=33.242, loss_kl=1.702
INFO:self_20261003_001500_scratch:====> Epoch: 24 [2026-10-03 00:17:40] | (0:00:05.658981)
{'step': 410, 'epoch': 25, 'loss_gen_all': 43.49864959716797, 'loss_disc': 3.5118494033813477, 'loss_gen': 3.217906951904297, 'loss_fm': 5.2098917961120605, 'loss_mel': 32.722267150878906, 'loss_kl': 2.3485846519470215, 'wall_s': 136.20105116814375, 'learning_rate': 9.970043085494672e-05, 'peak_gpu_allocated_bytes': 5338806272, 'raw_losses_before_upstream_display_caps': True}
{'step': 420, 'epoch': 25, 'loss_gen_all': 45.236698150634766, 'loss_disc': 3.4093432426452637, 'loss_gen': 3.3196444511413574, 'loss_fm': 6.123204708099365, 'loss_mel': 34.1573371887207, 'loss_kl': 1.6365134716033936, 'wall_s': 139.38299765251577, 'learning_rate': 9.970043085494672e-05, 'peak_gpu_allocated_bytes': 5338806272, 'raw_losses_before_upstream_display_caps': True}
INFO:self_20261003_001500_scratch:====> Epoch: 25 [2026-10-03 00:17:46] | (0:00:05.419478)
{'step': 430, 'epoch': 26, 'loss_gen_all': 50.103946685791016, 'loss_disc': 3.6292686462402344, 'loss_gen': 2.955421209335327, 'loss_fm': 5.114098072052002, 'loss_mel': 40.23100280761719, 'loss_kl': 1.8034263849258423, 'wall_s': 142.54184935241938, 'learning_rate': 9.968796830108985e-05, 'peak_gpu_allocated_bytes': 5338806272, 'raw_losses_before_upstream_display_caps': True}
{'step': 440, 'epoch': 26, 'loss_gen_all': 54.91947555541992, 'loss_disc': 3.0311074256896973, 'loss_gen': 4.35856294631958, 'loss_fm': 8.113722801208496, 'loss_mel': 40.77803421020508, 'loss_kl': 1.6691555976867676, 'wall_s': 145.5489737521857, 'learning_rate': 9.968796830108985e-05, 'peak_gpu_allocated_bytes': 5338806272, 'raw_losses_before_upstream_display_caps': True}
INFO:self_20261003_001500_scratch:====> Epoch: 26 [2026-10-03 00:17:51] | (0:00:05.258807)
{'step': 450, 'epoch': 27, 'loss_gen_all': 42.58984375, 'loss_disc': 4.3064069747924805, 'loss_gen': 2.678025484085083, 'loss_fm': 5.84768009185791, 'loss_mel': 32.151329040527344, 'loss_kl': 1.9128124713897705, 'wall_s': 148.7003556676209, 'learning_rate': 9.967550730505221e-05, 'peak_gpu_allocated_bytes': 5338806272, 'raw_losses_before_upstream_display_caps': True}
INFO:self_20261003_001500_scratch:====> Epoch: 27 [2026-10-03 00:17:56] | (0:00:05.244200)
{'step': 460, 'epoch': 28, 'loss_gen_all': 41.510169982910156, 'loss_disc': 4.001574993133545, 'loss_gen': 3.0544028282165527, 'loss_fm': 4.363065242767334, 'loss_mel': 32.032901763916016, 'loss_kl': 2.0597989559173584, 'wall_s': 151.8182675205171, 'learning_rate': 9.966304786663908e-05, 'peak_gpu_allocated_bytes': 5338806272, 'raw_losses_before_upstream_display_caps': True}
{'step': 470, 'epoch': 28, 'loss_gen_all': 52.51642608642578, 'loss_disc': 3.2655234336853027, 'loss_gen': 3.709082841873169, 'loss_fm': 7.250235080718994, 'loss_mel': 39.4058723449707, 'loss_kl': 2.151235580444336, 'wall_s': 154.88851422816515, 'learning_rate': 9.966304786663908e-05, 'peak_gpu_allocated_bytes': 5338806272, 'raw_losses_before_upstream_display_caps': True}
INFO:self_20261003_001500_scratch:====> Epoch: 28 [2026-10-03 00:18:02] | (0:00:05.304499)
{'step': 480, 'epoch': 29, 'loss_gen_all': 49.238983154296875, 'loss_disc': 3.1601924896240234, 'loss_gen': 4.654233455657959, 'loss_fm': 8.199307441711426, 'loss_mel': 34.39077377319336, 'loss_kl': 1.9946657419204712, 'wall_s': 158.0264532994479, 'learning_rate': 9.965058998565574e-05, 'peak_gpu_allocated_bytes': 5338806272, 'raw_losses_before_upstream_display_caps': True}
{'step': 490, 'epoch': 29, 'loss_gen_all': 46.23219299316406, 'loss_disc': 3.214844226837158, 'loss_gen': 4.595931053161621, 'loss_fm': 7.560539722442627, 'loss_mel': 32.3438720703125, 'loss_kl': 1.7318487167358398, 'wall_s': 161.04858082719147, 'learning_rate': 9.965058998565574e-05, 'peak_gpu_allocated_bytes': 5338806272, 'raw_losses_before_upstream_display_caps': True}
INFO:self_20261003_001500_scratch:====> Epoch: 29 [2026-10-03 00:18:07] | (0:00:05.224811)
{'step': 500, 'epoch': 30, 'loss_gen_all': 50.484901428222656, 'loss_disc': 3.4836935997009277, 'loss_gen': 4.789384841918945, 'loss_fm': 5.735719203948975, 'loss_mel': 38.33698654174805, 'loss_kl': 1.6228116750717163, 'wall_s': 164.1964091602713, 'learning_rate': 9.963813366190753e-05, 'peak_gpu_allocated_bytes': 5338806272, 'raw_losses_before_upstream_display_caps': True}
{'step': 510, 'epoch': 30, 'loss_gen_all': 42.118736267089844, 'loss_disc': 3.517210006713867, 'loss_gen': 4.509861946105957, 'loss_fm': 4.87989616394043, 'loss_mel': 31.140695571899414, 'loss_kl': 1.5882843732833862, 'wall_s': 167.43094096332788, 'learning_rate': 9.963813366190753e-05, 'peak_gpu_allocated_bytes': 5380864000, 'raw_losses_before_upstream_display_caps': True}
INFO:self_20261003_001500_scratch:====> Epoch: 30 [2026-10-03 00:18:12] | (0:00:05.471287)
{'step': 520, 'epoch': 31, 'loss_gen_all': 47.34537887573242, 'loss_disc': 2.554940700531006, 'loss_gen': 4.496036529541016, 'loss_fm': 8.650124549865723, 'loss_mel': 32.37134552001953, 'loss_kl': 1.8278722763061523, 'wall_s': 170.57905450463295, 'learning_rate': 9.962567889519979e-05, 'peak_gpu_allocated_bytes': 5380864000, 'raw_losses_before_upstream_display_caps': True}
INFO:self_20261003_001500_scratch:====> Epoch: 31 [2026-10-03 00:18:17] | (0:00:05.238321)
{'step': 530, 'epoch': 32, 'loss_gen_all': 55.026390075683594, 'loss_disc': 2.908996820449829, 'loss_gen': 5.1500935554504395, 'loss_fm': 7.521622180938721, 'loss_mel': 40.45378494262695, 'loss_kl': 1.9008891582489014, 'wall_s': 173.64791644364595, 'learning_rate': 9.961322568533789e-05, 'peak_gpu_allocated_bytes': 5380864000, 'raw_losses_before_upstream_display_caps': True}
{'step': 540, 'epoch': 32, 'loss_gen_all': 49.01964569091797, 'loss_disc': 2.753767490386963, 'loss_gen': 3.2632205486297607, 'loss_fm': 7.5762529373168945, 'loss_mel': 36.795570373535156, 'loss_kl': 1.3846009969711304, 'wall_s': 176.62135320715606, 'learning_rate': 9.961322568533789e-05, 'peak_gpu_allocated_bytes': 5380864000, 'raw_losses_before_upstream_display_caps': True}
INFO:self_20261003_001500_scratch:====> Epoch: 32 [2026-10-03 00:18:23] | (0:00:05.125261)
{'step': 550, 'epoch': 33, 'loss_gen_all': 43.75892639160156, 'loss_disc': 3.4819347858428955, 'loss_gen': 4.284051895141602, 'loss_fm': 6.615969657897949, 'loss_mel': 30.911161422729492, 'loss_kl': 1.9477429389953613, 'wall_s': 179.73880067653954, 'learning_rate': 9.960077403212722e-05, 'peak_gpu_allocated_bytes': 5380864000, 'raw_losses_before_upstream_display_caps': True}
{'step': 560, 'epoch': 33, 'loss_gen_all': 48.45487594604492, 'loss_disc': 3.51855731010437, 'loss_gen': 3.3748507499694824, 'loss_fm': 4.352958679199219, 'loss_mel': 38.9616813659668, 'loss_kl': 1.7653847932815552, 'wall_s': 182.7152120359242, 'learning_rate': 9.960077403212722e-05, 'peak_gpu_allocated_bytes': 5380864000, 'raw_losses_before_upstream_display_caps': True}
INFO:self_20261003_001500_scratch:====> Epoch: 33 [2026-10-03 00:18:28] | (0:00:05.193984)
{'step': 570, 'epoch': 34, 'loss_gen_all': 48.90455627441406, 'loss_disc': 4.695398330688477, 'loss_gen': 4.122920513153076, 'loss_fm': 3.198483943939209, 'loss_mel': 39.69535827636719, 'loss_kl': 1.887793779373169, 'wall_s': 185.83911426737905, 'learning_rate': 9.95883239353732e-05, 'peak_gpu_allocated_bytes': 5380864000, 'raw_losses_before_upstream_display_caps': True}
INFO:self_20261003_001500_scratch:====> Epoch: 34 [2026-10-03 00:18:33] | (0:00:05.214525)
{'step': 580, 'epoch': 35, 'loss_gen_all': 39.286136627197266, 'loss_disc': 3.5699291229248047, 'loss_gen': 2.731154203414917, 'loss_fm': 5.4512505531311035, 'loss_mel': 29.738393783569336, 'loss_kl': 1.3653364181518555, 'wall_s': 188.9195852521807, 'learning_rate': 9.957587539488128e-05, 'peak_gpu_allocated_bytes': 5380864000, 'raw_losses_before_upstream_display_caps': True}
{'step': 590, 'epoch': 35, 'loss_gen_all': 45.7758674621582, 'loss_disc': 3.1136295795440674, 'loss_gen': 3.2075581550598145, 'loss_fm': 6.4626994132995605, 'loss_mel': 34.64712905883789, 'loss_kl': 1.4584801197052002, 'wall_s': 191.75864645652473, 'learning_rate': 9.957587539488128e-05, 'peak_gpu_allocated_bytes': 5380864000, 'raw_losses_before_upstream_display_caps': True}
INFO:self_20261003_001500_scratch:====> Epoch: 35 [2026-10-03 00:18:38] | (0:00:04.930810)
{'step': 600, 'epoch': 36, 'loss_gen_all': 35.81742477416992, 'loss_disc': 3.711538553237915, 'loss_gen': 3.1417810916900635, 'loss_fm': 4.8936333656311035, 'loss_mel': 26.332763671875, 'loss_kl': 1.4492441415786743, 'wall_s': 194.71698859520257, 'learning_rate': 9.956342841045691e-05, 'peak_gpu_allocated_bytes': 5380864000, 'raw_losses_before_upstream_display_caps': True}
INFO:self_20261003_001500_scratch:Training epoch: 36 [29%]
INFO:self_20261003_001500_scratch:[600, 9.956342841045691e-05]
INFO:self_20261003_001500_scratch:loss_disc=2.336, loss_gen=4.182, loss_fm=10.218,loss_mel=29.626, loss_kl=1.865
{'step': 610, 'epoch': 36, 'loss_gen_all': 58.450931549072266, 'loss_disc': 2.7108190059661865, 'loss_gen': 5.3658037185668945, 'loss_fm': 9.921651840209961, 'loss_mel': 39.53981018066406, 'loss_kl': 3.623664617538452, 'wall_s': 198.15793664380908, 'learning_rate': 9.956342841045691e-05, 'peak_gpu_allocated_bytes': 5380864000, 'raw_losses_before_upstream_display_caps': True}
INFO:self_20261003_001500_scratch:====> Epoch: 36 [2026-10-03 00:18:44] | (0:00:05.582130)
{'step': 620, 'epoch': 37, 'loss_gen_all': 54.5639533996582, 'loss_disc': 2.520927667617798, 'loss_gen': 4.078547954559326, 'loss_fm': 10.189387321472168, 'loss_mel': 38.75794982910156, 'loss_kl': 1.538068413734436, 'wall_s': 201.28479971550405, 'learning_rate': 9.95509829819056e-05, 'peak_gpu_allocated_bytes': 5380864000, 'raw_losses_before_upstream_display_caps': True}
INFO:self_20261003_001500_scratch:====> Epoch: 37 [2026-10-03 00:18:49] | (0:00:05.354724)
{'step': 630, 'epoch': 38, 'loss_gen_all': 42.086090087890625, 'loss_disc': 3.864872932434082, 'loss_gen': 3.667266845703125, 'loss_fm': 5.354056358337402, 'loss_mel': 31.714696884155273, 'loss_kl': 1.3500721454620361, 'wall_s': 204.54830498062074, 'learning_rate': 9.953853910903285e-05, 'peak_gpu_allocated_bytes': 5380864000, 'raw_losses_before_upstream_display_caps': True}
{'step': 640, 'epoch': 38, 'loss_gen_all': 39.357364654541016, 'loss_disc': 3.243654727935791, 'loss_gen': 3.2139925956726074, 'loss_fm': 5.882018566131592, 'loss_mel': 28.651466369628906, 'loss_kl': 1.60988450050354, 'wall_s': 207.53333543613553, 'learning_rate': 9.953853910903285e-05, 'peak_gpu_allocated_bytes': 5380864000, 'raw_losses_before_upstream_display_caps': True}
INFO:self_20261003_001500_scratch:====> Epoch: 38 [2026-10-03 00:18:54] | (0:00:05.207203)
{'step': 650, 'epoch': 39, 'loss_gen_all': 42.10350799560547, 'loss_disc': 3.2555160522460938, 'loss_gen': 2.8324551582336426, 'loss_fm': 8.610055923461914, 'loss_mel': 29.31260108947754, 'loss_kl': 1.3483953475952148, 'wall_s': 210.6673334389925, 'learning_rate': 9.952609679164422e-05, 'peak_gpu_allocated_bytes': 5380864000, 'raw_losses_before_upstream_display_caps': True}
{'step': 660, 'epoch': 39, 'loss_gen_all': 47.4527587890625, 'loss_disc': 2.6583664417266846, 'loss_gen': 3.6265087127685547, 'loss_fm': 9.623260498046875, 'loss_mel': 32.857215881347656, 'loss_kl': 1.345770239830017, 'wall_s': 213.6399657484144, 'learning_rate': 9.952609679164422e-05, 'peak_gpu_allocated_bytes': 5380864000, 'raw_losses_before_upstream_display_caps': True}
INFO:self_20261003_001500_scratch:====> Epoch: 39 [2026-10-03 00:18:59] | (0:00:05.221807)
{'step': 670, 'epoch': 40, 'loss_gen_all': 42.48893356323242, 'loss_disc': 2.805694103240967, 'loss_gen': 3.9491968154907227, 'loss_fm': 8.39929485321045, 'loss_mel': 28.38849449157715, 'loss_kl': 1.7519508600234985, 'wall_s': 216.80738415196538, 'learning_rate': 9.951365602954526e-05, 'peak_gpu_allocated_bytes': 5380864000, 'raw_losses_before_upstream_display_caps': True}
{'step': 680, 'epoch': 40, 'loss_gen_all': 43.073455810546875, 'loss_disc': 2.978450059890747, 'loss_gen': 4.8876261711120605, 'loss_fm': 8.039104461669922, 'loss_mel': 28.13046646118164, 'loss_kl': 2.016256332397461, 'wall_s': 219.84499129839242, 'learning_rate': 9.951365602954526e-05, 'peak_gpu_allocated_bytes': 5380864000, 'raw_losses_before_upstream_display_caps': True}
INFO:self_20261003_001500_scratch:====> Epoch: 40 [2026-10-03 00:19:05] | (0:00:05.267078)
{'step': 690, 'epoch': 41, 'loss_gen_all': 42.97798156738281, 'loss_disc': 2.7072558403015137, 'loss_gen': 4.220417499542236, 'loss_fm': 11.027582168579102, 'loss_mel': 26.44083023071289, 'loss_kl': 1.2891528606414795, 'wall_s': 222.95871581695974, 'learning_rate': 9.950121682254156e-05, 'peak_gpu_allocated_bytes': 5380864000, 'raw_losses_before_upstream_display_caps': True}
INFO:self_20261003_001500_scratch:====> Epoch: 41 [2026-10-03 00:19:10] | (0:00:05.223386)
{'step': 700, 'epoch': 42, 'loss_gen_all': 49.61567306518555, 'loss_disc': 2.4307472705841064, 'loss_gen': 3.1290431022644043, 'loss_fm': 9.654214859008789, 'loss_mel': 35.52176284790039, 'loss_kl': 1.3106480836868286, 'wall_s': 226.08594871498644, 'learning_rate': 9.948877917043875e-05, 'peak_gpu_allocated_bytes': 5380864000, 'raw_losses_before_upstream_display_caps': True}
{'step': 710, 'epoch': 42, 'loss_gen_all': 43.61924743652344, 'loss_disc': 2.4126622676849365, 'loss_gen': 3.855281114578247, 'loss_fm': 10.15694522857666, 'loss_mel': 28.21611213684082, 'loss_kl': 1.3909069299697876, 'wall_s': 229.06360580027103, 'learning_rate': 9.948877917043875e-05, 'peak_gpu_allocated_bytes': 5380864000, 'raw_losses_before_upstream_display_caps': True}
INFO:self_20261003_001500_scratch:====> Epoch: 42 [2026-10-03 00:19:15] | (0:00:05.154339)
{'step': 720, 'epoch': 43, 'loss_gen_all': 50.00557327270508, 'loss_disc': 3.3198704719543457, 'loss_gen': 4.9269700050354, 'loss_fm': 5.772119998931885, 'loss_mel': 37.76445770263672, 'loss_kl': 1.542027235031128, 'wall_s': 232.1462891343981, 'learning_rate': 9.947634307304244e-05, 'peak_gpu_allocated_bytes': 5380864000, 'raw_losses_before_upstream_display_caps': True}
{'step': 730, 'epoch': 43, 'loss_gen_all': 44.07406234741211, 'loss_disc': 2.995899200439453, 'loss_gen': 3.1107280254364014, 'loss_fm': 7.80634880065918, 'loss_mel': 31.238998413085938, 'loss_kl': 1.9179883003234863, 'wall_s': 235.14204655215144, 'learning_rate': 9.947634307304244e-05, 'peak_gpu_allocated_bytes': 5380864000, 'raw_losses_before_upstream_display_caps': True}
INFO:self_20261003_001500_scratch:====> Epoch: 43 [2026-10-03 00:19:20] | (0:00:05.197685)
{'step': 740, 'epoch': 44, 'loss_gen_all': 43.734375, 'loss_disc': 4.859223365783691, 'loss_gen': 2.8263158798217773, 'loss_fm': 1.5022952556610107, 'loss_mel': 36.37320327758789, 'loss_kl': 3.032562255859375, 'wall_s': 238.2208718843758, 'learning_rate': 9.94639085301583e-05, 'peak_gpu_allocated_bytes': 5380864000, 'raw_losses_before_upstream_display_caps': True}
INFO:self_20261003_001500_scratch:====> Epoch: 44 [2026-10-03 00:19:25] | (0:00:05.151612)
{'step': 750, 'epoch': 45, 'loss_gen_all': 47.80168533325195, 'loss_disc': 3.8086233139038086, 'loss_gen': 2.047663688659668, 'loss_fm': 5.792532920837402, 'loss_mel': 37.383872985839844, 'loss_kl': 2.577615976333618, 'wall_s': 241.28805562853813, 'learning_rate': 9.945147554159202e-05, 'peak_gpu_allocated_bytes': 5380864000, 'raw_losses_before_upstream_display_caps': True}
{'step': 760, 'epoch': 45, 'loss_gen_all': 35.08729934692383, 'loss_disc': 2.9425902366638184, 'loss_gen': 3.602616310119629, 'loss_fm': 7.20956563949585, 'loss_mel': 22.856582641601562, 'loss_kl': 1.4185376167297363, 'wall_s': 244.34211480244994, 'learning_rate': 9.945147554159202e-05, 'peak_gpu_allocated_bytes': 5380864000, 'raw_losses_before_upstream_display_caps': True}
INFO:self_20261003_001500_scratch:====> Epoch: 45 [2026-10-03 00:19:31] | (0:00:05.234531)
{'step': 770, 'epoch': 46, 'loss_gen_all': 43.23230743408203, 'loss_disc': 3.7070422172546387, 'loss_gen': 3.9273388385772705, 'loss_fm': 6.752250671386719, 'loss_mel': 30.977310180664062, 'loss_kl': 1.5754098892211914, 'wall_s': 247.4470024909824, 'learning_rate': 9.943904410714931e-05, 'peak_gpu_allocated_bytes': 5380864000, 'raw_losses_before_upstream_display_caps': True}
{'step': 780, 'epoch': 46, 'loss_gen_all': 42.330169677734375, 'loss_disc': 3.060839891433716, 'loss_gen': 3.5676398277282715, 'loss_fm': 7.271755695343018, 'loss_mel': 30.031517028808594, 'loss_kl': 1.4592598676681519, 'wall_s': 250.4487436376512, 'learning_rate': 9.943904410714931e-05, 'peak_gpu_allocated_bytes': 5380864000, 'raw_losses_before_upstream_display_caps': True}
INFO:self_20261003_001500_scratch:====> Epoch: 46 [2026-10-03 00:19:36] | (0:00:05.199721)
{'step': 790, 'epoch': 47, 'loss_gen_all': 40.73358154296875, 'loss_disc': 3.2528157234191895, 'loss_gen': 4.849669456481934, 'loss_fm': 6.517183303833008, 'loss_mel': 27.68385887145996, 'loss_kl': 1.6828696727752686, 'wall_s': 253.56414951756597, 'learning_rate': 9.942661422663591e-05, 'peak_gpu_allocated_bytes': 5380864000, 'raw_losses_before_upstream_display_caps': True}
INFO:self_20261003_001500_scratch:====> Epoch: 47 [2026-10-03 00:19:41] | (0:00:05.191734)
{'step': 800, 'epoch': 48, 'loss_gen_all': 40.44723129272461, 'loss_disc': 3.5251924991607666, 'loss_gen': 3.518425703048706, 'loss_fm': 5.67840051651001, 'loss_mel': 30.27049446105957, 'loss_kl': 0.9799132943153381, 'wall_s': 256.66894076764584, 'learning_rate': 9.941418589985758e-05, 'peak_gpu_allocated_bytes': 5380864000, 'raw_losses_before_upstream_display_caps': True}
INFO:self_20261003_001500_scratch:Training epoch: 48 [6%]
INFO:self_20261003_001500_scratch:[800, 9.941418589985758e-05]
INFO:self_20261003_001500_scratch:loss_disc=2.942, loss_gen=3.644, loss_fm=8.491,loss_mel=31.045, loss_kl=1.543
{'step': 810, 'epoch': 48, 'loss_gen_all': 42.57118606567383, 'loss_disc': 2.333597421646118, 'loss_gen': 5.467480659484863, 'loss_fm': 9.884076118469238, 'loss_mel': 26.43728256225586, 'loss_kl': 0.7823445796966553, 'wall_s': 260.0689885355532, 'learning_rate': 9.941418589985758e-05, 'peak_gpu_allocated_bytes': 5380864000, 'raw_losses_before_upstream_display_caps': True}
INFO:self_20261003_001500_scratch:====> Epoch: 48 [2026-10-03 00:19:47] | (0:00:05.613683)
{'step': 820, 'epoch': 49, 'loss_gen_all': 46.98447036743164, 'loss_disc': 2.669450283050537, 'loss_gen': 6.003846168518066, 'loss_fm': 8.667037010192871, 'loss_mel': 31.010786056518555, 'loss_kl': 1.302799940109253, 'wall_s': 263.23241844028234, 'learning_rate': 9.940175912662009e-05, 'peak_gpu_allocated_bytes': 5380864000, 'raw_losses_before_upstream_display_caps': True}
{'step': 830, 'epoch': 49, 'loss_gen_all': 47.99513244628906, 'loss_disc': 2.443948984146118, 'loss_gen': 4.5107598304748535, 'loss_fm': 13.080251693725586, 'loss_mel': 29.24509620666504, 'loss_kl': 1.1590265035629272, 'wall_s': 266.36553232744336, 'learning_rate': 9.940175912662009e-05, 'peak_gpu_allocated_bytes': 5380864000, 'raw_losses_before_upstream_display_caps': True}
INFO:self_20261003_001500_scratch:====> Epoch: 49 [2026-10-03 00:19:52] | (0:00:05.385446)
{'step': 840, 'epoch': 50, 'loss_gen_all': 45.38129806518555, 'loss_disc': 3.590057611465454, 'loss_gen': 3.325967311859131, 'loss_fm': 4.533502101898193, 'loss_mel': 35.8796272277832, 'loss_kl': 1.6421996355056763, 'wall_s': 269.4786781165749, 'learning_rate': 9.938933390672926e-05, 'peak_gpu_allocated_bytes': 5380864000, 'raw_losses_before_upstream_display_caps': True}
{'step': 850, 'epoch': 50, 'loss_gen_all': 54.25492858886719, 'loss_disc': 2.169827938079834, 'loss_gen': 5.851480007171631, 'loss_fm': 12.049145698547363, 'loss_mel': 34.089622497558594, 'loss_kl': 2.2646801471710205, 'wall_s': 272.50733794644475, 'learning_rate': 9.938933390672926e-05, 'peak_gpu_allocated_bytes': 5380864000, 'raw_losses_before_upstream_display_caps': True}
INFO:self_20261003_001500_scratch:====> Epoch: 50 [2026-10-03 00:19:57] | (0:00:05.235202)
{'step': 860, 'epoch': 51, 'loss_gen_all': 45.090003967285156, 'loss_disc': 2.5037903785705566, 'loss_gen': 4.803011894226074, 'loss_fm': 9.299927711486816, 'loss_mel': 29.21515655517578, 'loss_kl': 1.7719062566757202, 'wall_s': 275.6602439954877, 'learning_rate': 9.937691023999092e-05, 'peak_gpu_allocated_bytes': 5380864000, 'raw_losses_before_upstream_display_caps': True}
INFO:self_20261003_001500_scratch:====> Epoch: 51 [2026-10-03 00:20:03] | (0:00:05.224077)
{'step': 870, 'epoch': 52, 'loss_gen_all': 42.915103912353516, 'loss_disc': 3.2033796310424805, 'loss_gen': 3.6217589378356934, 'loss_fm': 7.509980201721191, 'loss_mel': 30.349201202392578, 'loss_kl': 1.43416166305542, 'wall_s': 278.78132762759924, 'learning_rate': 9.936448812621091e-05, 'peak_gpu_allocated_bytes': 5380864000, 'raw_losses_before_upstream_display_caps': True}
{'step': 880, 'epoch': 52, 'loss_gen_all': 50.367008209228516, 'loss_disc': 2.1370697021484375, 'loss_gen': 5.160245895385742, 'loss_fm': 9.674532890319824, 'loss_mel': 33.944278717041016, 'loss_kl': 1.587950348854065, 'wall_s': 281.767271803692, 'learning_rate': 9.936448812621091e-05, 'peak_gpu_allocated_bytes': 5380864000, 'raw_losses_before_upstream_display_caps': True}
INFO:self_20261003_001500_scratch:====> Epoch: 52 [2026-10-03 00:20:08] | (0:00:05.203207)
{'step': 890, 'epoch': 53, 'loss_gen_all': 49.13394546508789, 'loss_disc': 2.2041492462158203, 'loss_gen': 5.682077407836914, 'loss_fm': 10.345277786254883, 'loss_mel': 31.750423431396484, 'loss_kl': 1.3561681509017944, 'wall_s': 284.8876867555082, 'learning_rate': 9.935206756519513e-05, 'peak_gpu_allocated_bytes': 5380864000, 'raw_losses_before_upstream_display_caps': True}
{'step': 900, 'epoch': 53, 'loss_gen_all': 47.121002197265625, 'loss_disc': 5.690459251403809, 'loss_gen': 5.279006004333496, 'loss_fm': 1.9899665117263794, 'loss_mel': 37.95844268798828, 'loss_kl': 1.8935856819152832, 'wall_s': 287.900208780542, 'learning_rate': 9.935206756519513e-05, 'peak_gpu_allocated_bytes': 5380864000, 'raw_losses_before_upstream_display_caps': True}
INFO:self_20261003_001500_scratch:====> Epoch: 53 [2026-10-03 00:20:13] | (0:00:05.238363)
{'step': 910, 'epoch': 54, 'loss_gen_all': 31.585613250732422, 'loss_disc': 4.3225998878479, 'loss_gen': 3.1314857006073, 'loss_fm': 3.981135368347168, 'loss_mel': 24.144874572753906, 'loss_kl': 0.32811641693115234, 'wall_s': 290.97028131596744, 'learning_rate': 9.933964855674948e-05, 'peak_gpu_allocated_bytes': 5380864000, 'raw_losses_before_upstream_display_caps': True}
INFO:self_20261003_001500_scratch:====> Epoch: 54 [2026-10-03 00:20:18] | (0:00:05.188370)
{'step': 920, 'epoch': 55, 'loss_gen_all': 60.31707000732422, 'loss_disc': 0.7429484724998474, 'loss_gen': 6.6427202224731445, 'loss_fm': 16.793901443481445, 'loss_mel': 35.4146614074707, 'loss_kl': 1.4657864570617676, 'wall_s': 294.1451451238245, 'learning_rate': 9.932723110067987e-05, 'peak_gpu_allocated_bytes': 5380864000, 'raw_losses_before_upstream_display_caps': True}
{'step': 930, 'epoch': 55, 'loss_gen_all': 48.123565673828125, 'loss_disc': 2.9781014919281006, 'loss_gen': 5.213078498840332, 'loss_fm': 8.452153205871582, 'loss_mel': 33.195465087890625, 'loss_kl': 1.262869954109192, 'wall_s': 297.18483603931963, 'learning_rate': 9.932723110067987e-05, 'peak_gpu_allocated_bytes': 5380864000, 'raw_losses_before_upstream_display_caps': True}
INFO:self_20261003_001500_scratch:====> Epoch: 55 [2026-10-03 00:20:24] | (0:00:05.375138)
{'step': 940, 'epoch': 56, 'loss_gen_all': 46.60905838012695, 'loss_disc': 3.2865419387817383, 'loss_gen': 3.7250547409057617, 'loss_fm': 6.741644382476807, 'loss_mel': 35.0809440612793, 'loss_kl': 1.06141197681427, 'wall_s': 300.4470005556941, 'learning_rate': 9.931481519679228e-05, 'peak_gpu_allocated_bytes': 5380864000, 'raw_losses_before_upstream_display_caps': True}
{'step': 950, 'epoch': 56, 'loss_gen_all': 44.72877883911133, 'loss_disc': 2.511516809463501, 'loss_gen': 3.653132438659668, 'loss_fm': 10.50301456451416, 'loss_mel': 29.06578826904297, 'loss_kl': 1.5068447589874268, 'wall_s': 303.49152803234756, 'learning_rate': 9.931481519679228e-05, 'peak_gpu_allocated_bytes': 5380864000, 'raw_losses_before_upstream_display_caps': True}
INFO:self_20261003_001500_scratch:====> Epoch: 56 [2026-10-03 00:20:29] | (0:00:05.314813)
{'step': 960, 'epoch': 57, 'loss_gen_all': 46.72871780395508, 'loss_disc': 4.304611682891846, 'loss_gen': 3.7375197410583496, 'loss_fm': 5.732599258422852, 'loss_mel': 34.534080505371094, 'loss_kl': 2.7245187759399414, 'wall_s': 306.6057141497731, 'learning_rate': 9.930240084489267e-05, 'peak_gpu_allocated_bytes': 5380864000, 'raw_losses_before_upstream_display_caps': True}
INFO:self_20261003_001500_scratch:====> Epoch: 57 [2026-10-03 00:20:34] | (0:00:05.217973)
{'step': 970, 'epoch': 58, 'loss_gen_all': 42.55714416503906, 'loss_disc': 3.1031064987182617, 'loss_gen': 2.8232102394104004, 'loss_fm': 9.030102729797363, 'loss_mel': 29.681577682495117, 'loss_kl': 1.0222537517547607, 'wall_s': 309.77060065604746, 'learning_rate': 9.928998804478705e-05, 'peak_gpu_allocated_bytes': 5380864000, 'raw_losses_before_upstream_display_caps': True}
{'step': 980, 'epoch': 58, 'loss_gen_all': 38.444801330566406, 'loss_disc': 3.6971628665924072, 'loss_gen': 2.614508628845215, 'loss_fm': 8.038553237915039, 'loss_mel': 26.61509132385254, 'loss_kl': 1.1766481399536133, 'wall_s': 312.8462840151042, 'learning_rate': 9.928998804478705e-05, 'peak_gpu_allocated_bytes': 5380864000, 'raw_losses_before_upstream_display_caps': True}
INFO:self_20261003_001500_scratch:====> Epoch: 58 [2026-10-03 00:20:39] | (0:00:05.300416)
{'step': 990, 'epoch': 59, 'loss_gen_all': 48.554649353027344, 'loss_disc': 2.3871357440948486, 'loss_gen': 4.632425785064697, 'loss_fm': 10.637877464294434, 'loss_mel': 32.52041244506836, 'loss_kl': 0.7639294266700745, 'wall_s': 315.94483710825443, 'learning_rate': 9.927757679628145e-05, 'peak_gpu_allocated_bytes': 5380864000, 'raw_losses_before_upstream_display_caps': True}
{'step': 1000, 'epoch': 59, 'loss_gen_all': 43.52688980102539, 'loss_disc': 3.5284299850463867, 'loss_gen': 4.492897033691406, 'loss_fm': 12.694780349731445, 'loss_mel': 25.403051376342773, 'loss_kl': 0.9361599683761597, 'wall_s': 318.9592821393162, 'learning_rate': 9.927757679628145e-05, 'peak_gpu_allocated_bytes': 5380864000, 'raw_losses_before_upstream_display_caps': True}
INFO:self_20261003_001500_scratch:Saving model and optimizer state at epoch 59 to logs/self_20261003_001500_scratch/G_1000.pth
INFO:self_20261003_001500_scratch:Saving model and optimizer state at epoch 59 to logs/self_20261003_001500_scratch/D_1000.pth
